// Jest Snapshot v1, https://goo.gl/fbAQLP

exports[`GET /docs-yaml matches the snapshot 1`] = `
"openapi: 3.0.0
paths:
  /api/v1/test:
    get:
      operationId: TestController_getToken
      parameters: []
      responses:
        '200':
          description: ''
  /api/v1/deals/{dealIdentifier}/guarantees:
    post:
      operationId: DealGuaranteeController_createGuaranteeForDeal
      summary: Create a new guarantee for a deal.
      parameters:
        - name: dealIdentifier
          required: true
          in: path
          description: The identifier of the deal in ACBS.
          example: '00000001'
          schema:
            type: string
      requestBody:
        required: true
        content:
          application/json:
            schema:
              type: array
              items:
                $ref: '#/components/schemas/CreateDealGuaranteeRequestItem'
      responses:
        '201':
          description: The guarantee has been successfully created.
          content:
            application/json:
              schema:
                $ref: '#/components/schemas/CreateDealGuaranteeResponse'
        '400':
          description: Bad request.
        '404':
          description: The deal was not found.
        '500':
          description: An internal server error has occurred.
  /api/v1/parties/{partyIdentifier}/external-ratings:
    get:
      operationId: PartyExternalRatingController_getExternalRatingsForParty
      summary: Get all external ratings for a party.
      parameters:
        - name: partyIdentifier
          required: true
          in: path
          description: The identifier of the party in ACBS.
          example: '00000001'
          schema:
            type: string
      responses:
        '200':
          description: The external ratings for the party have been successfully retrieved.
          content:
            application/json:
              schema:
                type: array
                items:
                  $ref: '#/components/schemas/GetPartyExternalRatingsResponseElement'
        '404':
          description: >-
            The specified party, or the external ratings for that party, were
            not found.
        '500':
          description: An internal server error has occurred.
  /api/v1/parties:
    get:
      operationId: PartyController_getPartiesBySearchText
      summary: Get all parties matching the specified search text.
      parameters:
        - name: searchText
          required: true
          in: query
          description: 'Minimum length: 3'
          schema:
            minLength: 3
            type: string
      responses:
        '200':
          description: The matching parties have been successfully retrieved.
          content:
            application/json:
              schema:
                type: array
                items:
                  $ref: '#/components/schemas/GetPartiesBySearchTextResponseElement'
        '500':
          description: An internal server error has occurred.
  /api/v1/parties/{partyIdentifier}:
    get:
      operationId: PartyController_getPartyByIdentifier
      summary: Get the party matching the specified party identifier.
      parameters:
        - name: partyIdentifier
          required: true
          in: path
          description: The identifier of the party in ACBS.
          example: '00000001'
          schema:
            type: string
      responses:
        '200':
          description: The party has been successfully retrieved.
          content:
            application/json:
              schema:
                $ref: '#/components/schemas/GetPartyByIdentifierResponse'
        '404':
          description: The specified party was not found.
        '500':
          description: An internal server error has occurred.
info:
  title: TFS API Specification
  description: TFS API documentation
  version: '1.0'
  contact: {}
tags: []
servers: []
components:
  securitySchemes:
    ApiKeyHeader:
      type: apiKey
      in: header
      name: x-api-key
  schemas:
    CreateDealGuaranteeRequestItem:
      type: object
      properties:
        dealIdentifier:
          type: string
          description: The identifier of the deal to create the guarantee for.
          example: '00000001'
          minLength: 1
          maxLength: 10
        effectiveDate:
          format: date
          type: string
          description: >-
            The date that this guarantee will take effect. This will be replaced
            by today's date if a date in the past is provided.
        limitKey:
          type: string
          description: An ACBS party identifier.
          minLength: 1
          maxLength: 10
          example: '00000002'
        guaranteeExpiryDate:
          format: date
          type: string
          description: The date that this guarantee will expire on.
        maximumLiability:
          type: number
          description: The maximum amount the guarantor will guarantee.
          minimum: 0
        guarantorParty:
          type: string
          description: UK GOODS (00000141)
          minLength: 1
          maxLength: 10
          default: '00000141'
        guaranteeTypeCode:
          type: string
          description: GOODS (450)
          default: '450'
          minLength: 1
      required:
        - dealIdentifier
        - effectiveDate
        - limitKey
        - guaranteeExpiryDate
        - maximumLiability
    CreateDealGuaranteeResponse:
      type: object
      properties:
        dealIdentifier:
          type: string
          readOnly: true
          example: '00000001'
      required:
        - dealIdentifier
    GetPartyExternalRatingResponseRatingEntity:
      type: object
      properties:
        ratingEntityCode:
          type: string
          readOnly: true
      required:
        - ratingEntityCode
    GetPartyExternalRatingResponseAssignedRating:
      type: object
      properties:
        assignedRatingCode:
          type: string
          readOnly: true
      required:
        - assignedRatingCode
    GetPartyExternalRatingsResponseElement:
      type: object
      properties:
        partyIdentifier:
          type: string
          readOnly: true
        ratingEntity:
          readOnly: true
          allOf:
            - $ref: '#/components/schemas/GetPartyExternalRatingResponseRatingEntity'
        assignedRating:
          readOnly: true
          allOf:
            - $ref: >-
                #/components/schemas/GetPartyExternalRatingResponseAssignedRating
        ratedDate:
          format: date-time
          type: string
          readOnly: true
        probabilityofDefault:
          type: number
          readOnly: true
        lossGivenDefault:
          type: number
          readOnly: true
        riskWeighting:
          type: number
          readOnly: true
        externalRatingNote1:
          type: string
          readOnly: true
        externalRatingNote2:
          type: string
          readOnly: true
        externalRatingUserCode1:
          type: string
          readOnly: true
        externalRatingUserCode2:
          type: string
          readOnly: true
      required:
        - partyIdentifier
        - ratingEntity
        - assignedRating
        - ratedDate
        - probabilityofDefault
        - lossGivenDefault
        - riskWeighting
        - externalRatingNote1
        - externalRatingNote2
        - externalRatingUserCode1
        - externalRatingUserCode2
    GetPartiesBySearchTextResponseElement:
      type: object
      properties:
        alternateIdentifier:
          type: string
          readOnly: true
        industryClassification:
          type: string
          readOnly: true
        name1:
          type: string
          readOnly: true
        name2:
          type: string
          readOnly: true
        name3:
          type: string
          readOnly: true
        smeType:
          type: string
          readOnly: true
        citizenshipClass:
          type: string
          readOnly: true
        officerRiskDate:
          type: string
          readOnly: true
        countryCode:
          type: string
          readOnly: true
      required:
        - alternateIdentifier
        - industryClassification
        - name1
        - name2
        - name3
        - smeType
        - citizenshipClass
        - officerRiskDate
        - countryCode
    GetPartyByIdentifierResponse:
      type: object
      properties:
        alternateIdentifier:
          type: string
          readOnly: true
        industryClassification:
          type: string
          readOnly: true
        name1:
          type: string
          readOnly: true
        name2:
          type: string
          readOnly: true
        name3:
          type: string
          readOnly: true
        smeType:
          type: string
          readOnly: true
        citizenshipClass:
          type: string
          readOnly: true
        officerRiskDate:
          format: date-time
          type: string
          readOnly: true
          nullable: true
        countryCode:
          type: string
          readOnly: true
      required:
        - alternateIdentifier
        - industryClassification
        - name1
        - name2
        - name3
        - smeType
        - citizenshipClass
        - officerRiskDate
        - countryCode
security:
  - ApiKeyHeader: []
"
`;
